C:\Program Files\Microsoft Visual Studio\2022\Community\MSBuild\Microsoft\VC\v170\Microsoft.CppBuild.targets(520,5): warning MSB8004: Output Directory does not end with a trailing slash.  This build instance will add the slash as it is required to allow proper evaluation of the Output Directory.
  pch.cpp
  AdventureLog.cpp
  AfterInteraction.cpp
  AttackCard.cpp
  BeforeInteraction.cpp
  CardPool.cpp
  CharacterPool.cpp
  DamageInteraction.cpp
  BaseCard.cpp
  BaseEncounter.cpp
  BaseInteraction.cpp
  Character.cpp
  CombatEncounter.cpp
  DieInteraction.cpp
  dllmain.cpp
  EncounterManager.cpp
  EncounterPool.cpp
  Game.cpp
  GameModelLib.cpp
  IdleEncounter.cpp
  InteractionManager.cpp
  Generating Code...
  Compiling...
  InteractionPool.cpp
  InterActor.cpp
  LocalizedString.cpp
  Localizer.cpp
  PerformInteraction.cpp
  Player.cpp
  PlayInteraction.cpp
  TestEnemy.cpp
  Generating Code...
     Creating library C:\Users\Bastian_Krueger\Desktop\Repositories\Idle-Cardgame\Unity Project\Assets\Plugins\__GameModelDLL.lib and object C:\Users\Bastian_Krueger\Desktop\Repositories\Idle-Cardgame\Unity Project\Assets\Plugins\__GameModelDLL.exp
  GameModelDLL.vcxproj -> C:\Users\Bastian_Krueger\Desktop\Repositories\Idle-Cardgame\Unity Project\Assets\Plugins\__GameModelDLL.dll
