c:\users\bastian_krueger\desktop\repositories\idle-cardgame\unity project\assets\plugins\android\lib__gamemodelso.so.recipe
c:\users\bastian_krueger\desktop\repositories\idle-cardgame\gamemodel\gamemodelso\x86\debug\game.o
c:\users\bastian_krueger\desktop\repositories\idle-cardgame\gamemodel\gamemodelso\x86\debug\attackcard.o
c:\users\bastian_krueger\desktop\repositories\idle-cardgame\gamemodel\gamemodelso\x86\debug\basecard.o
c:\users\bastian_krueger\desktop\repositories\idle-cardgame\gamemodel\gamemodelso\x86\debug\cardpool.o
c:\users\bastian_krueger\desktop\repositories\idle-cardgame\gamemodel\gamemodelso\x86\debug\fastattackcard.o
c:\users\bastian_krueger\desktop\repositories\idle-cardgame\gamemodel\gamemodelso\x86\debug\slowattackcard.o
c:\users\bastian_krueger\desktop\repositories\idle-cardgame\gamemodel\gamemodelso\x86\debug\character.o
c:\users\bastian_krueger\desktop\repositories\idle-cardgame\gamemodel\gamemodelso\x86\debug\characterpool.o
c:\users\bastian_krueger\desktop\repositories\idle-cardgame\gamemodel\gamemodelso\x86\debug\player.o
c:\users\bastian_krueger\desktop\repositories\idle-cardgame\gamemodel\gamemodelso\x86\debug\testenemy.o
c:\users\bastian_krueger\desktop\repositories\idle-cardgame\gamemodel\gamemodelso\x86\debug\baseencounter.o
c:\users\bastian_krueger\desktop\repositories\idle-cardgame\gamemodel\gamemodelso\x86\debug\combatencounter.o
c:\users\bastian_krueger\desktop\repositories\idle-cardgame\gamemodel\gamemodelso\x86\debug\encountermanager.o
c:\users\bastian_krueger\desktop\repositories\idle-cardgame\gamemodel\gamemodelso\x86\debug\encounterpool.o
c:\users\bastian_krueger\desktop\repositories\idle-cardgame\gamemodel\gamemodelso\x86\debug\idleencounter.o
c:\users\bastian_krueger\desktop\repositories\idle-cardgame\gamemodel\gamemodelso\x86\debug\idmanager.o
c:\users\bastian_krueger\desktop\repositories\idle-cardgame\gamemodel\gamemodelso\x86\debug\afterinteraction.o
c:\users\bastian_krueger\desktop\repositories\idle-cardgame\gamemodel\gamemodelso\x86\debug\baseinteraction.o
c:\users\bastian_krueger\desktop\repositories\idle-cardgame\gamemodel\gamemodelso\x86\debug\beforeinteraction.o
c:\users\bastian_krueger\desktop\repositories\idle-cardgame\gamemodel\gamemodelso\x86\debug\damageinteraction.o
c:\users\bastian_krueger\desktop\repositories\idle-cardgame\gamemodel\gamemodelso\x86\debug\dieinteraction.o
c:\users\bastian_krueger\desktop\repositories\idle-cardgame\gamemodel\gamemodelso\x86\debug\interactionmanager.o
c:\users\bastian_krueger\desktop\repositories\idle-cardgame\gamemodel\gamemodelso\x86\debug\interactionpool.o
c:\users\bastian_krueger\desktop\repositories\idle-cardgame\gamemodel\gamemodelso\x86\debug\interactor.o
c:\users\bastian_krueger\desktop\repositories\idle-cardgame\gamemodel\gamemodelso\x86\debug\performinteraction.o
c:\users\bastian_krueger\desktop\repositories\idle-cardgame\gamemodel\gamemodelso\x86\debug\playinteraction.o
c:\users\bastian_krueger\desktop\repositories\idle-cardgame\gamemodel\gamemodelso\x86\debug\adventurelog.o
c:\users\bastian_krueger\desktop\repositories\idle-cardgame\gamemodel\gamemodelso\x86\debug\localizedstring.o
c:\users\bastian_krueger\desktop\repositories\idle-cardgame\gamemodel\gamemodelso\x86\debug\localizer.o
c:\users\bastian_krueger\desktop\repositories\idle-cardgame\gamemodel\gamemodelso\x86\debug\logentry.o
c:\users\bastian_krueger\desktop\repositories\idle-cardgame\gamemodel\gamemodelso\x86\debug\logsubentry.o
c:\users\bastian_krueger\desktop\repositories\idle-cardgame\gamemodel\gamemodelso\x86\debug\reward.o
c:\users\bastian_krueger\desktop\repositories\idle-cardgame\gamemodel\gamemodelso\x86\debug\rewardstash.o
c:\users\bastian_krueger\desktop\repositories\idle-cardgame\gamemodel\gamemodelso\x86\debug\gamemodelso.o
c:\users\bastian_krueger\desktop\repositories\idle-cardgame\gamemodel\gamemodelso\x86\debug\gamemodelso.tlog\clang-ld.read.1.tlog
c:\users\bastian_krueger\desktop\repositories\idle-cardgame\gamemodel\gamemodelso\x86\debug\gamemodelso.tlog\clang-ld.write.1.tlog
c:\users\bastian_krueger\desktop\repositories\idle-cardgame\gamemodel\gamemodelso\x86\debug\gamemodelso.tlog\clang.command.1.tlog
c:\users\bastian_krueger\desktop\repositories\idle-cardgame\gamemodel\gamemodelso\x86\debug\gamemodelso.tlog\clang.read.1.tlog
c:\users\bastian_krueger\desktop\repositories\idle-cardgame\gamemodel\gamemodelso\x86\debug\gamemodelso.tlog\gamemodelso.write.1u.tlog
c:\users\bastian_krueger\desktop\repositories\idle-cardgame\gamemodel\gamemodelso\x86\debug\gamemodelso.tlog\microsoft.build.cpptasks.clangcompile.read.1.tlog
c:\users\bastian_krueger\desktop\repositories\idle-cardgame\gamemodel\gamemodelso\x86\debug\gamemodelso.tlog\microsoft.build.cpptasks.clangcompile.write.1.tlog
c:\users\bastian_krueger\desktop\repositories\idle-cardgame\gamemodel\gamemodelso\x86\debug\gamemodelso.tlog\microsoft.build.cpptasks.clanglink.read.1.tlog
c:\users\bastian_krueger\desktop\repositories\idle-cardgame\gamemodel\gamemodelso\x86\debug\gamemodelso.tlog\microsoft.build.cpptasks.clanglink.write.1.tlog
