c:\users\bastian_krueger\desktop\repositories\idle-cardgame\unity project\assets\plugins\android\arm64\lib__gamemodelso.so.recipe
c:\users\bastian_krueger\desktop\repositories\idle-cardgame\gamemodel\gamemodelso\arm64\debug\filelog.o
c:\users\bastian_krueger\desktop\repositories\idle-cardgame\gamemodel\gamemodelso\arm64\debug\deck.o
c:\users\bastian_krueger\desktop\repositories\idle-cardgame\gamemodel\gamemodelso\arm64\debug\healingshieldcard.o
c:\users\bastian_krueger\desktop\repositories\idle-cardgame\gamemodel\gamemodelso\arm64\debug\spikeshieldcard.o
c:\users\bastian_krueger\desktop\repositories\idle-cardgame\gamemodel\gamemodelso\arm64\debug\chargedstrikecard.o
c:\users\bastian_krueger\desktop\repositories\idle-cardgame\gamemodel\gamemodelso\arm64\debug\crazypotioncard.o
c:\users\bastian_krueger\desktop\repositories\idle-cardgame\gamemodel\gamemodelso\arm64\debug\doublestrikecard.o
c:\users\bastian_krueger\desktop\repositories\idle-cardgame\gamemodel\gamemodelso\arm64\debug\game.o
c:\users\bastian_krueger\desktop\repositories\idle-cardgame\gamemodel\gamemodelso\arm64\debug\healinteraction.o
c:\users\bastian_krueger\desktop\repositories\idle-cardgame\gamemodel\gamemodelso\arm64\debug\powerpotioncard.o
c:\users\bastian_krueger\desktop\repositories\idle-cardgame\gamemodel\gamemodelso\arm64\debug\healpotioncard.o
c:\users\bastian_krueger\desktop\repositories\idle-cardgame\gamemodel\gamemodelso\arm64\debug\attackcard.o
c:\users\bastian_krueger\desktop\repositories\idle-cardgame\gamemodel\gamemodelso\arm64\debug\basecard.o
c:\users\bastian_krueger\desktop\repositories\idle-cardgame\gamemodel\gamemodelso\arm64\debug\cardpool.o
c:\users\bastian_krueger\desktop\repositories\idle-cardgame\gamemodel\gamemodelso\arm64\debug\fastattackcard.o
c:\users\bastian_krueger\desktop\repositories\idle-cardgame\gamemodel\gamemodelso\arm64\debug\slowattackcard.o
c:\users\bastian_krueger\desktop\repositories\idle-cardgame\gamemodel\gamemodelso\arm64\debug\character.o
c:\users\bastian_krueger\desktop\repositories\idle-cardgame\gamemodel\gamemodelso\arm64\debug\characterpool.o
c:\users\bastian_krueger\desktop\repositories\idle-cardgame\gamemodel\gamemodelso\arm64\debug\player.o
c:\users\bastian_krueger\desktop\repositories\idle-cardgame\gamemodel\gamemodelso\arm64\debug\testenemy.o
c:\users\bastian_krueger\desktop\repositories\idle-cardgame\gamemodel\gamemodelso\arm64\debug\baseencounter.o
c:\users\bastian_krueger\desktop\repositories\idle-cardgame\gamemodel\gamemodelso\arm64\debug\combatencounter.o
c:\users\bastian_krueger\desktop\repositories\idle-cardgame\gamemodel\gamemodelso\arm64\debug\encountermanager.o
c:\users\bastian_krueger\desktop\repositories\idle-cardgame\gamemodel\gamemodelso\arm64\debug\encounterpool.o
c:\users\bastian_krueger\desktop\repositories\idle-cardgame\gamemodel\gamemodelso\arm64\debug\idleencounter.o
c:\users\bastian_krueger\desktop\repositories\idle-cardgame\gamemodel\gamemodelso\arm64\debug\idmanager.o
c:\users\bastian_krueger\desktop\repositories\idle-cardgame\gamemodel\gamemodelso\arm64\debug\afterinteraction.o
c:\users\bastian_krueger\desktop\repositories\idle-cardgame\gamemodel\gamemodelso\arm64\debug\baseinteraction.o
c:\users\bastian_krueger\desktop\repositories\idle-cardgame\gamemodel\gamemodelso\arm64\debug\beforeinteraction.o
c:\users\bastian_krueger\desktop\repositories\idle-cardgame\gamemodel\gamemodelso\arm64\debug\damageinteraction.o
c:\users\bastian_krueger\desktop\repositories\idle-cardgame\gamemodel\gamemodelso\arm64\debug\dieinteraction.o
c:\users\bastian_krueger\desktop\repositories\idle-cardgame\gamemodel\gamemodelso\arm64\debug\interactionmanager.o
c:\users\bastian_krueger\desktop\repositories\idle-cardgame\gamemodel\gamemodelso\arm64\debug\interactionpool.o
c:\users\bastian_krueger\desktop\repositories\idle-cardgame\gamemodel\gamemodelso\arm64\debug\interactor.o
c:\users\bastian_krueger\desktop\repositories\idle-cardgame\gamemodel\gamemodelso\arm64\debug\performinteraction.o
c:\users\bastian_krueger\desktop\repositories\idle-cardgame\gamemodel\gamemodelso\arm64\debug\playinteraction.o
c:\users\bastian_krueger\desktop\repositories\idle-cardgame\gamemodel\gamemodelso\arm64\debug\adventurelog.o
c:\users\bastian_krueger\desktop\repositories\idle-cardgame\gamemodel\gamemodelso\arm64\debug\localizedstring.o
c:\users\bastian_krueger\desktop\repositories\idle-cardgame\gamemodel\gamemodelso\arm64\debug\localizer.o
c:\users\bastian_krueger\desktop\repositories\idle-cardgame\gamemodel\gamemodelso\arm64\debug\logentry.o
c:\users\bastian_krueger\desktop\repositories\idle-cardgame\gamemodel\gamemodelso\arm64\debug\logsubentry.o
c:\users\bastian_krueger\desktop\repositories\idle-cardgame\gamemodel\gamemodelso\arm64\debug\reward.o
c:\users\bastian_krueger\desktop\repositories\idle-cardgame\gamemodel\gamemodelso\arm64\debug\rewardstash.o
c:\users\bastian_krueger\desktop\repositories\idle-cardgame\gamemodel\gamemodelso\arm64\debug\tieupcard.o
c:\users\bastian_krueger\desktop\repositories\idle-cardgame\gamemodel\gamemodelso\arm64\debug\gamemodelso.o
c:\users\bastian_krueger\desktop\repositories\idle-cardgame\gamemodel\gamemodelso\arm64\debug\gamemodelso.tlog\clang-ld.read.1.tlog
c:\users\bastian_krueger\desktop\repositories\idle-cardgame\gamemodel\gamemodelso\arm64\debug\gamemodelso.tlog\clang-ld.write.1.tlog
c:\users\bastian_krueger\desktop\repositories\idle-cardgame\gamemodel\gamemodelso\arm64\debug\gamemodelso.tlog\clang.command.1.tlog
c:\users\bastian_krueger\desktop\repositories\idle-cardgame\gamemodel\gamemodelso\arm64\debug\gamemodelso.tlog\clang.read.1.tlog
c:\users\bastian_krueger\desktop\repositories\idle-cardgame\gamemodel\gamemodelso\arm64\debug\gamemodelso.tlog\gamemodelso.write.1u.tlog
c:\users\bastian_krueger\desktop\repositories\idle-cardgame\gamemodel\gamemodelso\arm64\debug\gamemodelso.tlog\microsoft.build.cpptasks.clangcompile.read.1.tlog
c:\users\bastian_krueger\desktop\repositories\idle-cardgame\gamemodel\gamemodelso\arm64\debug\gamemodelso.tlog\microsoft.build.cpptasks.clangcompile.write.1.tlog
c:\users\bastian_krueger\desktop\repositories\idle-cardgame\gamemodel\gamemodelso\arm64\debug\gamemodelso.tlog\microsoft.build.cpptasks.clanglink.read.1.tlog
c:\users\bastian_krueger\desktop\repositories\idle-cardgame\gamemodel\gamemodelso\arm64\debug\gamemodelso.tlog\microsoft.build.cpptasks.clanglink.write.1.tlog
