c:\users\bastian_krueger\desktop\repositories\idle-cardgame\gamemodel solution\gamemodel\gamemodelso\arm64\debug\game.o
c:\users\bastian_krueger\desktop\repositories\idle-cardgame\gamemodel solution\gamemodel\gamemodelso\arm64\debug\attackcard.o
c:\users\bastian_krueger\desktop\repositories\idle-cardgame\gamemodel solution\gamemodel\gamemodelso\arm64\debug\basecard.o
c:\users\bastian_krueger\desktop\repositories\idle-cardgame\gamemodel solution\gamemodel\gamemodelso\arm64\debug\cardpool.o
c:\users\bastian_krueger\desktop\repositories\idle-cardgame\gamemodel solution\gamemodel\gamemodelso\arm64\debug\fastattackcard.o
c:\users\bastian_krueger\desktop\repositories\idle-cardgame\gamemodel solution\gamemodel\gamemodelso\arm64\debug\slowattackcard.o
c:\users\bastian_krueger\desktop\repositories\idle-cardgame\gamemodel solution\gamemodel\gamemodelso\arm64\debug\character.o
c:\users\bastian_krueger\desktop\repositories\idle-cardgame\gamemodel solution\gamemodel\gamemodelso\arm64\debug\characterpool.o
c:\users\bastian_krueger\desktop\repositories\idle-cardgame\gamemodel solution\gamemodel\gamemodelso\arm64\debug\player.o
c:\users\bastian_krueger\desktop\repositories\idle-cardgame\gamemodel solution\gamemodel\gamemodelso\arm64\debug\testenemy.o
c:\users\bastian_krueger\desktop\repositories\idle-cardgame\gamemodel solution\gamemodel\gamemodelso\arm64\debug\baseencounter.o
c:\users\bastian_krueger\desktop\repositories\idle-cardgame\gamemodel solution\gamemodel\gamemodelso\arm64\debug\combatencounter.o
c:\users\bastian_krueger\desktop\repositories\idle-cardgame\gamemodel solution\gamemodel\gamemodelso\arm64\debug\encountermanager.o
c:\users\bastian_krueger\desktop\repositories\idle-cardgame\gamemodel solution\gamemodel\gamemodelso\arm64\debug\encounterpool.o
c:\users\bastian_krueger\desktop\repositories\idle-cardgame\gamemodel solution\gamemodel\gamemodelso\arm64\debug\idleencounter.o
c:\users\bastian_krueger\desktop\repositories\idle-cardgame\gamemodel solution\gamemodel\gamemodelso\arm64\debug\idmanager.o
c:\users\bastian_krueger\desktop\repositories\idle-cardgame\gamemodel solution\gamemodel\gamemodelso\arm64\debug\afterinteraction.o
c:\users\bastian_krueger\desktop\repositories\idle-cardgame\gamemodel solution\gamemodel\gamemodelso\arm64\debug\baseinteraction.o
c:\users\bastian_krueger\desktop\repositories\idle-cardgame\gamemodel solution\gamemodel\gamemodelso\arm64\debug\beforeinteraction.o
c:\users\bastian_krueger\desktop\repositories\idle-cardgame\gamemodel solution\gamemodel\gamemodelso\arm64\debug\damageinteraction.o
c:\users\bastian_krueger\desktop\repositories\idle-cardgame\gamemodel solution\gamemodel\gamemodelso\arm64\debug\dieinteraction.o
c:\users\bastian_krueger\desktop\repositories\idle-cardgame\gamemodel solution\gamemodel\gamemodelso\arm64\debug\interactionmanager.o
c:\users\bastian_krueger\desktop\repositories\idle-cardgame\gamemodel solution\gamemodel\gamemodelso\arm64\debug\interactionpool.o
c:\users\bastian_krueger\desktop\repositories\idle-cardgame\gamemodel solution\gamemodel\gamemodelso\arm64\debug\interactor.o
c:\users\bastian_krueger\desktop\repositories\idle-cardgame\gamemodel solution\gamemodel\gamemodelso\arm64\debug\performinteraction.o
c:\users\bastian_krueger\desktop\repositories\idle-cardgame\gamemodel solution\gamemodel\gamemodelso\arm64\debug\playinteraction.o
c:\users\bastian_krueger\desktop\repositories\idle-cardgame\gamemodel solution\gamemodel\gamemodelso\arm64\debug\adventurelog.o
c:\users\bastian_krueger\desktop\repositories\idle-cardgame\gamemodel solution\gamemodel\gamemodelso\arm64\debug\localizedstring.o
c:\users\bastian_krueger\desktop\repositories\idle-cardgame\gamemodel solution\gamemodel\gamemodelso\arm64\debug\localizer.o
c:\users\bastian_krueger\desktop\repositories\idle-cardgame\gamemodel solution\gamemodel\gamemodelso\arm64\debug\logentry.o
c:\users\bastian_krueger\desktop\repositories\idle-cardgame\gamemodel solution\gamemodel\gamemodelso\arm64\debug\logsubentry.o
c:\users\bastian_krueger\desktop\repositories\idle-cardgame\gamemodel solution\gamemodel\gamemodelso\arm64\debug\reward.o
c:\users\bastian_krueger\desktop\repositories\idle-cardgame\gamemodel solution\gamemodel\gamemodelso\arm64\debug\rewardstash.o
c:\users\bastian_krueger\desktop\repositories\idle-cardgame\gamemodel\gamemodelso\arm64\debug\gamemodelso.tlog\clang.command.1.tlog
c:\users\bastian_krueger\desktop\repositories\idle-cardgame\gamemodel\gamemodelso\arm64\debug\gamemodelso.tlog\clang.read.1.tlog
c:\users\bastian_krueger\desktop\repositories\idle-cardgame\gamemodel\gamemodelso\arm64\debug\gamemodelso.tlog\clang.write.1.tlog
c:\users\bastian_krueger\desktop\repositories\idle-cardgame\gamemodel\gamemodelso\arm64\debug\gamemodelso.tlog\microsoft.build.cpptasks.clangcompile.read.1.tlog
c:\users\bastian_krueger\desktop\repositories\idle-cardgame\gamemodel\gamemodelso\arm64\debug\gamemodelso.tlog\microsoft.build.cpptasks.clangcompile.write.1.tlog
